[    1482ms] [LOG] %c __                                               _____          __          __           ______          v1.0.0
/\ \       __                                    /\  __`\       /\ \      __/\ \__       /\__  _\                       
\ \ \     /\_\    ___      __     __     _ __    \ \ \/\ \  _ __\ \ \____/\_\ \ ,_\      \/_/\ \/     ___     ___       
 \ \ \  __\/\ \ /' _ `\  /'__`\ /'__`\  /\`'__\   \ \ \ \ \/\`'__\ \ '__`\/\ \ \ \/         \ \ \   /' _ `\  /'___\     
  \ \ \L\ \\ \ \/\ \/\ \/\  __//\ \L\.\_\ \ \/     \ \ \_\ \ \ \/ \ \ \L\ \ \ \ \ \_  __     \_\ \__/\ \/\ \/\ \__/  __ 
   \ \____/ \ \_\ \_\ \_\ \____\ \__/.\_\\ \_\      \ \_____\ \_\  \ \_,__/\ \_\ \__\/\ \    /\_____\ \_\ \_\ \____\/\_\
    \/___/   \/_/\/_/\/_/\/____/\/__/\/_/ \/_/       \/_____/\/_/   \/___/  \/_/\/__/\ \/    \/_____/\/_/\/_/\/____/\/_/
                                                                                      \/

The product development system for teams and agents

WE'RE HIRING: https://linear.app/careers
CHANGELOG:    https://linear.app/changelog
 
  font-family: monospace;
  color: #282A30;
   @ https://static.linear.app/web/_next/static/chunks/Providers-raZUEWmZ.js:9
[    1508ms] Minified React error #419; visit https://react.dev/errors/419 for the full message or use the non-minified dev environment for full errors and additional helpful warnings.
[    1508ms] Minified React error #419; visit https://react.dev/errors/419 for the full message or use the non-minified dev environment for full errors and additional helpful warnings.
[    8336ms] [WARNING] The resource https://static.linear.app/web/_next/static/css/BlogRenderer.BY9UWHDh.css was preloaded using link preload but not used within a few seconds from the window's load event. Please make sure it has an appropriate `as` value and it is preloaded intentionally. @ https://linear.app/:0
[    8336ms] [WARNING] The resource https://static.linear.app/web/_next/static/css/Breadcrumbs.O5D4jzbE.css was preloaded using link preload but not used within a few seconds from the window's load event. Please make sure it has an appropriate `as` value and it is preloaded intentionally. @ https://linear.app/:0
[    8336ms] [WARNING] The resource https://static.linear.app/web/_next/static/css/DefaultRenderer.DJA_tBF3.css was preloaded using link preload but not used within a few seconds from the window's load event. Please make sure it has an appropriate `as` value and it is preloaded intentionally. @ https://linear.app/:0
[    8336ms] [WARNING] The resource https://static.linear.app/web/_next/static/css/Card.BO__v7RW.css was preloaded using link preload but not used within a few seconds from the window's load event. Please make sure it has an appropriate `as` value and it is preloaded intentionally. @ https://linear.app/:0
[    8336ms] [WARNING] The resource https://static.linear.app/web/_next/static/css/CardsGrid.BLwuA93h.css was preloaded using link preload but not used within a few seconds from the window's load event. Please make sure it has an appropriate `as` value and it is preloaded intentionally. @ https://linear.app/:0
[    8336ms] [WARNING] The resource https://static.linear.app/web/_next/static/css/Prose.DBLOnC2O.css was preloaded using link preload but not used within a few seconds from the window's load event. Please make sure it has an appropriate `as` value and it is preloaded intentionally. @ https://linear.app/:0
[    8336ms] [WARNING] The resource https://static.linear.app/web/_next/static/css/page.RHTSRvU8.css was preloaded using link preload but not used within a few seconds from the window's load event. Please make sure it has an appropriate `as` value and it is preloaded intentionally. @ https://linear.app/:0
[    8337ms] [WARNING] The resource https://static.linear.app/web/_next/static/css/CustomersIndexPage.DxPrAB1C.css was preloaded using link preload but not used within a few seconds from the window's load event. Please make sure it has an appropriate `as` value and it is preloaded intentionally. @ https://linear.app/:0
