[    1767ms] [ERROR] Failed to load resource: the server responded with a status of 403 () @ https://www.meetup.com/_next/static/media/Boyrun-Regular.woff2:0
[    2092ms] Error: Minified React error #425; visit https://reactjs.org/docs/error-decoder.html?invariant=425 for the full message or use the non-minified dev environment for full errors and additional helpful warnings.
    at rh (https://www.meetup.com/_next/static/chunks/framework-237d0df028066a89.js:1:51303)
    at https://www.meetup.com/_next/static/chunks/framework-237d0df028066a89.js:1:114496
    at uI (https://www.meetup.com/_next/static/chunks/framework-237d0df028066a89.js:1:117243)
    at uD (https://www.meetup.com/_next/static/chunks/framework-237d0df028066a89.js:1:110193)
    at uO (https://www.meetup.com/_next/static/chunks/framework-237d0df028066a89.js:1:110003)
    at ux (https://www.meetup.com/_next/static/chunks/framework-237d0df028066a89.js:1:105076)
    at x (https://www.meetup.com/_next/static/chunks/framework-237d0df028066a89.js:1:8624)
    at MessagePort.T (https://www.meetup.com/_next/static/chunks/framework-237d0df028066a89.js:1:9145)
[    2092ms] Error: Minified React error #418; visit https://reactjs.org/docs/error-decoder.html?invariant=418 for the full message or use the non-minified dev environment for full errors and additional helpful warnings.
    at lg (https://www.meetup.com/_next/static/chunks/framework-237d0df028066a89.js:1:57594)
    at i (https://www.meetup.com/_next/static/chunks/framework-237d0df028066a89.js:1:132149)
    at uD (https://www.meetup.com/_next/static/chunks/framework-237d0df028066a89.js:1:110133)
    at uO (https://www.meetup.com/_next/static/chunks/framework-237d0df028066a89.js:1:110003)
    at ux (https://www.meetup.com/_next/static/chunks/framework-237d0df028066a89.js:1:105076)
    at x (https://www.meetup.com/_next/static/chunks/framework-237d0df028066a89.js:1:8624)
    at MessagePort.T (https://www.meetup.com/_next/static/chunks/framework-237d0df028066a89.js:1:9145)
[    2092ms] Error: Minified React error #418; visit https://reactjs.org/docs/error-decoder.html?invariant=418 for the full message or use the non-minified dev environment for full errors and additional helpful warnings.
    at lg (https://www.meetup.com/_next/static/chunks/framework-237d0df028066a89.js:1:57594)
    at i (https://www.meetup.com/_next/static/chunks/framework-237d0df028066a89.js:1:132149)
    at uD (https://www.meetup.com/_next/static/chunks/framework-237d0df028066a89.js:1:110133)
    at uO (https://www.meetup.com/_next/static/chunks/framework-237d0df028066a89.js:1:110003)
    at ux (https://www.meetup.com/_next/static/chunks/framework-237d0df028066a89.js:1:105076)
    at x (https://www.meetup.com/_next/static/chunks/framework-237d0df028066a89.js:1:8624)
    at MessagePort.T (https://www.meetup.com/_next/static/chunks/framework-237d0df028066a89.js:1:9145)
[    2093ms] Error: Minified React error #418; visit https://reactjs.org/docs/error-decoder.html?invariant=418 for the full message or use the non-minified dev environment for full errors and additional helpful warnings.
    at lg (https://www.meetup.com/_next/static/chunks/framework-237d0df028066a89.js:1:57594)
    at i (https://www.meetup.com/_next/static/chunks/framework-237d0df028066a89.js:1:132149)
    at uD (https://www.meetup.com/_next/static/chunks/framework-237d0df028066a89.js:1:110133)
    at uO (https://www.meetup.com/_next/static/chunks/framework-237d0df028066a89.js:1:110003)
    at ux (https://www.meetup.com/_next/static/chunks/framework-237d0df028066a89.js:1:105076)
    at x (https://www.meetup.com/_next/static/chunks/framework-237d0df028066a89.js:1:8624)
    at MessagePort.T (https://www.meetup.com/_next/static/chunks/framework-237d0df028066a89.js:1:9145)
[    2093ms] Error: Minified React error #418; visit https://reactjs.org/docs/error-decoder.html?invariant=418 for the full message or use the non-minified dev environment for full errors and additional helpful warnings.
    at lg (https://www.meetup.com/_next/static/chunks/framework-237d0df028066a89.js:1:57594)
    at i (https://www.meetup.com/_next/static/chunks/framework-237d0df028066a89.js:1:132149)
    at uD (https://www.meetup.com/_next/static/chunks/framework-237d0df028066a89.js:1:110133)
    at uO (https://www.meetup.com/_next/static/chunks/framework-237d0df028066a89.js:1:110003)
    at ux (https://www.meetup.com/_next/static/chunks/framework-237d0df028066a89.js:1:105076)
    at x (https://www.meetup.com/_next/static/chunks/framework-237d0df028066a89.js:1:8624)
    at MessagePort.T (https://www.meetup.com/_next/static/chunks/framework-237d0df028066a89.js:1:9145)
[    2093ms] Error: Minified React error #418; visit https://reactjs.org/docs/error-decoder.html?invariant=418 for the full message or use the non-minified dev environment for full errors and additional helpful warnings.
    at lg (https://www.meetup.com/_next/static/chunks/framework-237d0df028066a89.js:1:57594)
    at i (https://www.meetup.com/_next/static/chunks/framework-237d0df028066a89.js:1:132149)
    at uD (https://www.meetup.com/_next/static/chunks/framework-237d0df028066a89.js:1:110133)
    at uO (https://www.meetup.com/_next/static/chunks/framework-237d0df028066a89.js:1:110003)
    at ux (https://www.meetup.com/_next/static/chunks/framework-237d0df028066a89.js:1:105076)
    at x (https://www.meetup.com/_next/static/chunks/framework-237d0df028066a89.js:1:8624)
    at MessagePort.T (https://www.meetup.com/_next/static/chunks/framework-237d0df028066a89.js:1:9145)
[    2093ms] Error: Minified React error #418; visit https://reactjs.org/docs/error-decoder.html?invariant=418 for the full message or use the non-minified dev environment for full errors and additional helpful warnings.
    at lg (https://www.meetup.com/_next/static/chunks/framework-237d0df028066a89.js:1:57594)
    at i (https://www.meetup.com/_next/static/chunks/framework-237d0df028066a89.js:1:132149)
    at uD (https://www.meetup.com/_next/static/chunks/framework-237d0df028066a89.js:1:110133)
    at uO (https://www.meetup.com/_next/static/chunks/framework-237d0df028066a89.js:1:110003)
    at ux (https://www.meetup.com/_next/static/chunks/framework-237d0df028066a89.js:1:105076)
    at x (https://www.meetup.com/_next/static/chunks/framework-237d0df028066a89.js:1:8624)
    at MessagePort.T (https://www.meetup.com/_next/static/chunks/framework-237d0df028066a89.js:1:9145)
[    2093ms] Error: Minified React error #418; visit https://reactjs.org/docs/error-decoder.html?invariant=418 for the full message or use the non-minified dev environment for full errors and additional helpful warnings.
    at lg (https://www.meetup.com/_next/static/chunks/framework-237d0df028066a89.js:1:57594)
    at i (https://www.meetup.com/_next/static/chunks/framework-237d0df028066a89.js:1:132149)
    at uD (https://www.meetup.com/_next/static/chunks/framework-237d0df028066a89.js:1:110133)
    at uO (https://www.meetup.com/_next/static/chunks/framework-237d0df028066a89.js:1:110003)
    at ux (https://www.meetup.com/_next/static/chunks/framework-237d0df028066a89.js:1:105076)
    at x (https://www.meetup.com/_next/static/chunks/framework-237d0df028066a89.js:1:8624)
    at MessagePort.T (https://www.meetup.com/_next/static/chunks/framework-237d0df028066a89.js:1:9145)
[    2094ms] Error: Minified React error #418; visit https://reactjs.org/docs/error-decoder.html?invariant=418 for the full message or use the non-minified dev environment for full errors and additional helpful warnings.
    at lg (https://www.meetup.com/_next/static/chunks/framework-237d0df028066a89.js:1:57594)
    at i (https://www.meetup.com/_next/static/chunks/framework-237d0df028066a89.js:1:132149)
    at uD (https://www.meetup.com/_next/static/chunks/framework-237d0df028066a89.js:1:110133)
    at uO (https://www.meetup.com/_next/static/chunks/framework-237d0df028066a89.js:1:110003)
    at ux (https://www.meetup.com/_next/static/chunks/framework-237d0df028066a89.js:1:105076)
    at x (https://www.meetup.com/_next/static/chunks/framework-237d0df028066a89.js:1:8624)
    at MessagePort.T (https://www.meetup.com/_next/static/chunks/framework-237d0df028066a89.js:1:9145)
[    2094ms] Error: Minified React error #418; visit https://reactjs.org/docs/error-decoder.html?invariant=418 for the full message or use the non-minified dev environment for full errors and additional helpful warnings.
    at lg (https://www.meetup.com/_next/static/chunks/framework-237d0df028066a89.js:1:57594)
    at i (https://www.meetup.com/_next/static/chunks/framework-237d0df028066a89.js:1:132149)
    at uD (https://www.meetup.com/_next/static/chunks/framework-237d0df028066a89.js:1:110133)
    at uO (https://www.meetup.com/_next/static/chunks/framework-237d0df028066a89.js:1:110003)
    at ux (https://www.meetup.com/_next/static/chunks/framework-237d0df028066a89.js:1:105076)
    at x (https://www.meetup.com/_next/static/chunks/framework-237d0df028066a89.js:1:8624)
    at MessagePort.T (https://www.meetup.com/_next/static/chunks/framework-237d0df028066a89.js:1:9145)
[    2095ms] Error: Minified React error #418; visit https://reactjs.org/docs/error-decoder.html?invariant=418 for the full message or use the non-minified dev environment for full errors and additional helpful warnings.
    at lg (https://www.meetup.com/_next/static/chunks/framework-237d0df028066a89.js:1:57594)
    at i (https://www.meetup.com/_next/static/chunks/framework-237d0df028066a89.js:1:132149)
    at uD (https://www.meetup.com/_next/static/chunks/framework-237d0df028066a89.js:1:110133)
    at uO (https://www.meetup.com/_next/static/chunks/framework-237d0df028066a89.js:1:110003)
    at ux (https://www.meetup.com/_next/static/chunks/framework-237d0df028066a89.js:1:105076)
    at x (https://www.meetup.com/_next/static/chunks/framework-237d0df028066a89.js:1:8624)
    at MessagePort.T (https://www.meetup.com/_next/static/chunks/framework-237d0df028066a89.js:1:9145)
[    2095ms] Error: Minified React error #418; visit https://reactjs.org/docs/error-decoder.html?invariant=418 for the full message or use the non-minified dev environment for full errors and additional helpful warnings.
    at lg (https://www.meetup.com/_next/static/chunks/framework-237d0df028066a89.js:1:57594)
    at i (https://www.meetup.com/_next/static/chunks/framework-237d0df028066a89.js:1:132149)
    at uD (https://www.meetup.com/_next/static/chunks/framework-237d0df028066a89.js:1:110133)
    at uO (https://www.meetup.com/_next/static/chunks/framework-237d0df028066a89.js:1:110003)
    at ux (https://www.meetup.com/_next/static/chunks/framework-237d0df028066a89.js:1:105076)
    at x (https://www.meetup.com/_next/static/chunks/framework-237d0df028066a89.js:1:8624)
    at MessagePort.T (https://www.meetup.com/_next/static/chunks/framework-237d0df028066a89.js:1:9145)
[    2095ms] Error: Minified React error #418; visit https://reactjs.org/docs/error-decoder.html?invariant=418 for the full message or use the non-minified dev environment for full errors and additional helpful warnings.
    at lg (https://www.meetup.com/_next/static/chunks/framework-237d0df028066a89.js:1:57594)
    at i (https://www.meetup.com/_next/static/chunks/framework-237d0df028066a89.js:1:132149)
    at uD (https://www.meetup.com/_next/static/chunks/framework-237d0df028066a89.js:1:110133)
    at uO (https://www.meetup.com/_next/static/chunks/framework-237d0df028066a89.js:1:110003)
    at ux (https://www.meetup.com/_next/static/chunks/framework-237d0df028066a89.js:1:105076)
    at x (https://www.meetup.com/_next/static/chunks/framework-237d0df028066a89.js:1:8624)
    at MessagePort.T (https://www.meetup.com/_next/static/chunks/framework-237d0df028066a89.js:1:9145)
[    2096ms] Error: Minified React error #418; visit https://reactjs.org/docs/error-decoder.html?invariant=418 for the full message or use the non-minified dev environment for full errors and additional helpful warnings.
    at lg (https://www.meetup.com/_next/static/chunks/framework-237d0df028066a89.js:1:57594)
    at i (https://www.meetup.com/_next/static/chunks/framework-237d0df028066a89.js:1:132149)
    at uD (https://www.meetup.com/_next/static/chunks/framework-237d0df028066a89.js:1:110133)
    at uO (https://www.meetup.com/_next/static/chunks/framework-237d0df028066a89.js:1:110003)
    at ux (https://www.meetup.com/_next/static/chunks/framework-237d0df028066a89.js:1:105076)
    at x (https://www.meetup.com/_next/static/chunks/framework-237d0df028066a89.js:1:8624)
    at MessagePort.T (https://www.meetup.com/_next/static/chunks/framework-237d0df028066a89.js:1:9145)
[    2096ms] Error: Minified React error #418; visit https://reactjs.org/docs/error-decoder.html?invariant=418 for the full message or use the non-minified dev environment for full errors and additional helpful warnings.
    at lg (https://www.meetup.com/_next/static/chunks/framework-237d0df028066a89.js:1:57594)
    at i (https://www.meetup.com/_next/static/chunks/framework-237d0df028066a89.js:1:132149)
    at uD (https://www.meetup.com/_next/static/chunks/framework-237d0df028066a89.js:1:110133)
    at uO (https://www.meetup.com/_next/static/chunks/framework-237d0df028066a89.js:1:110003)
    at ux (https://www.meetup.com/_next/static/chunks/framework-237d0df028066a89.js:1:105076)
    at x (https://www.meetup.com/_next/static/chunks/framework-237d0df028066a89.js:1:8624)
    at MessagePort.T (https://www.meetup.com/_next/static/chunks/framework-237d0df028066a89.js:1:9145)
[    2096ms] Error: Minified React error #418; visit https://reactjs.org/docs/error-decoder.html?invariant=418 for the full message or use the non-minified dev environment for full errors and additional helpful warnings.
    at lg (https://www.meetup.com/_next/static/chunks/framework-237d0df028066a89.js:1:57594)
    at i (https://www.meetup.com/_next/static/chunks/framework-237d0df028066a89.js:1:132149)
    at uD (https://www.meetup.com/_next/static/chunks/framework-237d0df028066a89.js:1:110133)
    at uO (https://www.meetup.com/_next/static/chunks/framework-237d0df028066a89.js:1:110003)
    at ux (https://www.meetup.com/_next/static/chunks/framework-237d0df028066a89.js:1:105076)
    at x (https://www.meetup.com/_next/static/chunks/framework-237d0df028066a89.js:1:8624)
    at MessagePort.T (https://www.meetup.com/_next/static/chunks/framework-237d0df028066a89.js:1:9145)
[    2097ms] Error: Minified React error #418; visit https://reactjs.org/docs/error-decoder.html?invariant=418 for the full message or use the non-minified dev environment for full errors and additional helpful warnings.
    at lg (https://www.meetup.com/_next/static/chunks/framework-237d0df028066a89.js:1:57594)
    at i (https://www.meetup.com/_next/static/chunks/framework-237d0df028066a89.js:1:132149)
    at uD (https://www.meetup.com/_next/static/chunks/framework-237d0df028066a89.js:1:110133)
    at uO (https://www.meetup.com/_next/static/chunks/framework-237d0df028066a89.js:1:110003)
    at ux (https://www.meetup.com/_next/static/chunks/framework-237d0df028066a89.js:1:105076)
    at x (https://www.meetup.com/_next/static/chunks/framework-237d0df028066a89.js:1:8624)
    at MessagePort.T (https://www.meetup.com/_next/static/chunks/framework-237d0df028066a89.js:1:9145)
[    2097ms] Error: Minified React error #418; visit https://reactjs.org/docs/error-decoder.html?invariant=418 for the full message or use the non-minified dev environment for full errors and additional helpful warnings.
    at lg (https://www.meetup.com/_next/static/chunks/framework-237d0df028066a89.js:1:57594)
    at i (https://www.meetup.com/_next/static/chunks/framework-237d0df028066a89.js:1:132149)
    at uD (https://www.meetup.com/_next/static/chunks/framework-237d0df028066a89.js:1:110133)
    at uO (https://www.meetup.com/_next/static/chunks/framework-237d0df028066a89.js:1:110003)
    at ux (https://www.meetup.com/_next/static/chunks/framework-237d0df028066a89.js:1:105076)
    at x (https://www.meetup.com/_next/static/chunks/framework-237d0df028066a89.js:1:8624)
    at MessagePort.T (https://www.meetup.com/_next/static/chunks/framework-237d0df028066a89.js:1:9145)
[    2097ms] Error: Minified React error #418; visit https://reactjs.org/docs/error-decoder.html?invariant=418 for the full message or use the non-minified dev environment for full errors and additional helpful warnings.
    at lg (https://www.meetup.com/_next/static/chunks/framework-237d0df028066a89.js:1:57594)
    at i (https://www.meetup.com/_next/static/chunks/framework-237d0df028066a89.js:1:132149)
    at uD (https://www.meetup.com/_next/static/chunks/framework-237d0df028066a89.js:1:110133)
    at uO (https://www.meetup.com/_next/static/chunks/framework-237d0df028066a89.js:1:110003)
    at ux (https://www.meetup.com/_next/static/chunks/framework-237d0df028066a89.js:1:105076)
    at x (https://www.meetup.com/_next/static/chunks/framework-237d0df028066a89.js:1:8624)
    at MessagePort.T (https://www.meetup.com/_next/static/chunks/framework-237d0df028066a89.js:1:9145)
[    2098ms] Error: Minified React error #418; visit https://reactjs.org/docs/error-decoder.html?invariant=418 for the full message or use the non-minified dev environment for full errors and additional helpful warnings.
    at lg (https://www.meetup.com/_next/static/chunks/framework-237d0df028066a89.js:1:57594)
    at i (https://www.meetup.com/_next/static/chunks/framework-237d0df028066a89.js:1:132149)
    at uD (https://www.meetup.com/_next/static/chunks/framework-237d0df028066a89.js:1:110133)
    at uO (https://www.meetup.com/_next/static/chunks/framework-237d0df028066a89.js:1:110003)
    at ux (https://www.meetup.com/_next/static/chunks/framework-237d0df028066a89.js:1:105076)
    at x (https://www.meetup.com/_next/static/chunks/framework-237d0df028066a89.js:1:8624)
    at MessagePort.T (https://www.meetup.com/_next/static/chunks/framework-237d0df028066a89.js:1:9145)
[    2098ms] Error: Minified React error #418; visit https://reactjs.org/docs/error-decoder.html?invariant=418 for the full message or use the non-minified dev environment for full errors and additional helpful warnings.
    at lg (https://www.meetup.com/_next/static/chunks/framework-237d0df028066a89.js:1:57594)
    at i (https://www.meetup.com/_next/static/chunks/framework-237d0df028066a89.js:1:132326)
    at uD (https://www.meetup.com/_next/static/chunks/framework-237d0df028066a89.js:1:110133)
    at uO (https://www.meetup.com/_next/static/chunks/framework-237d0df028066a89.js:1:110003)
    at ux (https://www.meetup.com/_next/static/chunks/framework-237d0df028066a89.js:1:105076)
    at x (https://www.meetup.com/_next/static/chunks/framework-237d0df028066a89.js:1:8624)
    at MessagePort.T (https://www.meetup.com/_next/static/chunks/framework-237d0df028066a89.js:1:9145)
[    2098ms] Error: Minified React error #418; visit https://reactjs.org/docs/error-decoder.html?invariant=418 for the full message or use the non-minified dev environment for full errors and additional helpful warnings.
    at lg (https://www.meetup.com/_next/static/chunks/framework-237d0df028066a89.js:1:57594)
    at i (https://www.meetup.com/_next/static/chunks/framework-237d0df028066a89.js:1:132326)
    at uD (https://www.meetup.com/_next/static/chunks/framework-237d0df028066a89.js:1:110133)
    at uO (https://www.meetup.com/_next/static/chunks/framework-237d0df028066a89.js:1:110003)
    at ux (https://www.meetup.com/_next/static/chunks/framework-237d0df028066a89.js:1:105076)
    at x (https://www.meetup.com/_next/static/chunks/framework-237d0df028066a89.js:1:8624)
    at MessagePort.T (https://www.meetup.com/_next/static/chunks/framework-237d0df028066a89.js:1:9145)
[    2099ms] Error: Minified React error #423; visit https://reactjs.org/docs/error-decoder.html?invariant=423 for the full message or use the non-minified dev environment for full errors and additional helpful warnings.
    at i (https://www.meetup.com/_next/static/chunks/framework-237d0df028066a89.js:1:131808)
    at uD (https://www.meetup.com/_next/static/chunks/framework-237d0df028066a89.js:1:110133)
    at uO (https://www.meetup.com/_next/static/chunks/framework-237d0df028066a89.js:1:110003)
    at uE (https://www.meetup.com/_next/static/chunks/framework-237d0df028066a89.js:1:106774)
    at ux (https://www.meetup.com/_next/static/chunks/framework-237d0df028066a89.js:1:105329)
    at x (https://www.meetup.com/_next/static/chunks/framework-237d0df028066a89.js:1:8624)
    at MessagePort.T (https://www.meetup.com/_next/static/chunks/framework-237d0df028066a89.js:1:9145)
[    2123ms] [LOG] %c
                             ......                            ......                              
                       .^7YPB##&&&##BG5J!:                :!J5GB##&&&##BPY7^.                       
                    :?P#BSPBSPBSPBSPBSPBS&BY~          ~YB&BSPBSPBSPBSPBSPBS#P?:                    
                  ~P&BSPBSPBS&##BB#&&BSPBSPBSBJ:    .J#BSPBSPBS&&#BB##&BSPBSPBS&P~                  
                ~GBSPBSPBGY!^.     .:~?P#BSPBSP&Y:   !GBSPB#P?~:.     .^!YBBSPBSPBG^                
               JBSPBSP#J:    :~!!!~^.   .!PBSPBSP&5^   ~PP!.   .^~!!!~:    :J#BSPBSPJ               
              5BSPBSPJ.  .!5#&BSPBSP&GJ^   ^5&BSPBSPP~      ^JG&BSPBSP&#5!.  .JBSPBSP5              
             ?BSPBS&~   7#BSPBSPBSPBSPBSP~   ^Y&BSPBSPG!  :5BSPBSPBSPBSPBS#7   ~&BSPBSJ             
            :&BSPBS!   YBSPBSPBSPBSPBSPBSPG!   :J&BSPBSPG?#BSPBSPBSPBSPBSPBSY   !BSPBS&:            
            7BSPBSG   !BSPBSPBSPBSPBSPBSPBSPG!   .?#BSPBSPBSPBSPBSPBSPBSPBSPB!   GBSPBS7            
            JBSPBS5   YBSPBSPBSPBSPBSPBSPBSPBSB7.  .7BBSPBSPBSPBSPBSPBSPBSPBSJ   5BSPBSJ            
            7BSPBSG   !BSPBSPBSPBSPBSPBSPBSPBSPB#?.   !BBSPBSPBSPBSPBSPBSPBSP!   GBSPBS7            
            :&BSPBS!   YBSPBSPBSPBSPBSPBS#?GBSPBSP#J:   !GBSPBSPBSPBSPBSPBSPY   !BSPBS&:            
             ?BSPBS&~   7#BSPBSPBSPBSPBS5:  !GBSPBSP&Y:   ~PBSPBSPBSPBSPBS#7   ~&BSPBSJ             
              5BSPBSPJ.  .!5#&BSPBSP&GJ^      ~PBSPBSP&5^   ^JG&BSPBSP&#5!.  .JBSPBSP5              
               JBSPBSP#J:    :~!!!~^.   .!PP~   ^5&BSPBSPP!.   .^~!!!~:    :J#BSPBSPJ               
                ~GBSPBSPBGY!^.     .:~?P#BSPBG!   :Y&BSPBSP#P?~:.     .^!YBBSPBSPBG^                
                  ~P&BSPBSPBS&##BB#&BSPBSPBSP#J.    :J#BSPBSPBS&&#BB##&BSPBSPBS&P~                  
                    :?P#BSPBSPBSPBSPBSPBS&BY~          ~YB&BSPBSPBSPBSPBSPBS#P?:                    
                       .^7YPB##&&&##BG5J!:                :!J5GB##&&&##BPY7^.                       
                              ......                            ......                              

%cWe're hiring! %chttps://bndspn.com/join-meetup font-family: monospace; font-size: 7px; line-height: 1.2; font-size: 16px; font-weight: bold; font-size: 16px; color: #4a90d9; @ https://www.meetup.com/_next/static/chunks/pages/_app-cba14a4608fdcb2a.js:1876
[    4157ms] [LOG] Google One Tap initialized with itp_support @ https://www.meetup.com/_next/static/chunks/pages/_app-cba14a4608fdcb2a.js:1876
[    4159ms] [WARNING] [GSI_LOGGER]: Your client application uses one of the Google One Tap prompt UI status methods that may stop functioning when FedCM becomes mandatory. Refer to the migration guide to update your code accordingly and opt-in to FedCM to test your changes. Learn more: https://developers.google.com/identity/gsi/web/guides/fedcm-migration?s=dc#display_moment and https://developers.google.com/identity/gsi/web/guides/fedcm-migration?s=dc#skipped_moment @ https://www.meetup.com/_next/static/chunks/pages/_app-cba14a4608fdcb2a.js:1876
[    4163ms] [ERROR] Not signed in with the identity provider. @ https://www.meetup.com/ru-RU/:0
[    4780ms] [ERROR] Failed to load resource: the server responded with a status of 422 () @ https://www.meetup.com/Wn4Ezykd:0
[    7928ms] [WARNING] The resource https://www.facebook.com/tr?id=792405807634160&ev=PageView&noscript=1 was preloaded using link preload but not used within a few seconds from the window's load event. Please make sure it has an appropriate `as` value and it is preloaded intentionally. @ https://www.meetup.com/ru-RU/:0
[    7928ms] [WARNING] The resource https://www.meetup.com/_next/static/media/Boyrun-Regular.woff2 was preloaded using link preload but not used within a few seconds from the window's load event. Please make sure it has an appropriate `as` value and it is preloaded intentionally. @ https://www.meetup.com/ru-RU/:0
[    8009ms] [ERROR] [GSI_LOGGER]: FedCM get() rejects with NetworkError: Error retrieving a token. @ https://www.meetup.com/_next/static/chunks/pages/_app-cba14a4608fdcb2a.js:1876
[   11941ms] [LOG] Download the Apollo DevTools for a better development experience: %s https://chrome.google.com/webstore/detail/apollo-client-developer-t/jdkknkkbebbapilgoeccciglkfbmbnfm @ https://www.meetup.com/_next/static/chunks/pages/_app-cba14a4608fdcb2a.js:1876
[   12201ms] [WARNING] The resource https://www.facebook.com/tr?id=792405807634160&ev=PageView&noscript=1 was preloaded using link preload but not used within a few seconds from the window's load event. Please make sure it has an appropriate `as` value and it is preloaded intentionally. @ https://www.meetup.com/ru-RU/:0
[   12201ms] [WARNING] The resource https://www.meetup.com/_next/static/media/Boyrun-Regular.woff2 was preloaded using link preload but not used within a few seconds from the window's load event. Please make sure it has an appropriate `as` value and it is preloaded intentionally. @ https://www.meetup.com/ru-RU/:0
[   15803ms] [WARNING] The resource https://www.facebook.com/tr?id=792405807634160&ev=PageView&noscript=1 was preloaded using link preload but not used within a few seconds from the window's load event. Please make sure it has an appropriate `as` value and it is preloaded intentionally. @ https://www.meetup.com/ru-RU/:0
[   15803ms] [WARNING] The resource https://www.meetup.com/_next/static/media/Boyrun-Regular.woff2 was preloaded using link preload but not used within a few seconds from the window's load event. Please make sure it has an appropriate `as` value and it is preloaded intentionally. @ https://www.meetup.com/ru-RU/:0
[   18974ms] [WARNING] [GSI_LOGGER]: google.accounts.id.initialize() is called multiple times. This could cause unexpected behavior and only the last initialized instance will be used. @ https://www.meetup.com/_next/static/chunks/pages/_app-cba14a4608fdcb2a.js:1876
[   18975ms] [LOG] Google One Tap initialized with itp_support @ https://www.meetup.com/_next/static/chunks/pages/_app-cba14a4608fdcb2a.js:1876
[   18976ms] [WARNING] [GSI_LOGGER]: Your client application uses one of the Google One Tap prompt UI status methods that may stop functioning when FedCM becomes mandatory. Refer to the migration guide to update your code accordingly and opt-in to FedCM to test your changes. Learn more: https://developers.google.com/identity/gsi/web/guides/fedcm-migration?s=dc#display_moment and https://developers.google.com/identity/gsi/web/guides/fedcm-migration?s=dc#skipped_moment @ https://www.meetup.com/_next/static/chunks/pages/_app-cba14a4608fdcb2a.js:1876
[   18976ms] [ERROR] Not signed in with the identity provider. @ https://www.meetup.com/ru-RU/:0
[   20458ms] [WARNING] The resource https://www.facebook.com/tr?id=792405807634160&ev=PageView&noscript=1 was preloaded using link preload but not used within a few seconds from the window's load event. Please make sure it has an appropriate `as` value and it is preloaded intentionally. @ https://www.meetup.com/ru-RU/:0
[   20458ms] [WARNING] The resource https://www.meetup.com/_next/static/media/Boyrun-Regular.woff2 was preloaded using link preload but not used within a few seconds from the window's load event. Please make sure it has an appropriate `as` value and it is preloaded intentionally. @ https://www.meetup.com/ru-RU/:0
